------------------------------------------------------------
TimeQuest Timing Analyzer Summary
------------------------------------------------------------

Type  : Slow 1100mV 85C Model Setup 'clk'
Slack : -5.190
TNS   : -404.776

Type  : Slow 1100mV 85C Model Setup 'VGA_CLK2'
Slack : -3.135
TNS   : -59.424

Type  : Slow 1100mV 85C Model Hold 'clk'
Slack : 0.375
TNS   : 0.000

Type  : Slow 1100mV 85C Model Hold 'VGA_CLK2'
Slack : 0.547
TNS   : 0.000

Type  : Slow 1100mV 85C Model Minimum Pulse Width 'clk'
Slack : -0.442
TNS   : -90.097

Type  : Slow 1100mV 85C Model Minimum Pulse Width 'VGA_CLK2'
Slack : -0.394
TNS   : -11.520

Type  : Slow 1100mV 0C Model Setup 'clk'
Slack : -5.142
TNS   : -398.893

Type  : Slow 1100mV 0C Model Setup 'VGA_CLK2'
Slack : -3.197
TNS   : -60.710

Type  : Slow 1100mV 0C Model Hold 'clk'
Slack : 0.278
TNS   : 0.000

Type  : Slow 1100mV 0C Model Hold 'VGA_CLK2'
Slack : 0.528
TNS   : 0.000

Type  : Slow 1100mV 0C Model Minimum Pulse Width 'clk'
Slack : -0.451
TNS   : -96.464

Type  : Slow 1100mV 0C Model Minimum Pulse Width 'VGA_CLK2'
Slack : -0.394
TNS   : -11.376

Type  : Fast 1100mV 85C Model Setup 'clk'
Slack : -2.764
TNS   : -176.150

Type  : Fast 1100mV 85C Model Setup 'VGA_CLK2'
Slack : -1.347
TNS   : -25.332

Type  : Fast 1100mV 85C Model Hold 'clk'
Slack : 0.031
TNS   : 0.000

Type  : Fast 1100mV 85C Model Hold 'VGA_CLK2'
Slack : 0.253
TNS   : 0.000

Type  : Fast 1100mV 85C Model Minimum Pulse Width 'clk'
Slack : -0.449
TNS   : -15.736

Type  : Fast 1100mV 85C Model Minimum Pulse Width 'VGA_CLK2'
Slack : 0.010
TNS   : 0.000

Type  : Fast 1100mV 0C Model Setup 'clk'
Slack : -2.454
TNS   : -152.590

Type  : Fast 1100mV 0C Model Setup 'VGA_CLK2'
Slack : -1.229
TNS   : -23.209

Type  : Fast 1100mV 0C Model Hold 'clk'
Slack : -0.114
TNS   : -0.220

Type  : Fast 1100mV 0C Model Hold 'VGA_CLK2'
Slack : 0.222
TNS   : 0.000

Type  : Fast 1100mV 0C Model Minimum Pulse Width 'clk'
Slack : -0.442
TNS   : -15.623

Type  : Fast 1100mV 0C Model Minimum Pulse Width 'VGA_CLK2'
Slack : 0.041
TNS   : 0.000

------------------------------------------------------------
