------------------------------------------------------------
TimeQuest Timing Analyzer Summary
------------------------------------------------------------

Type  : Slow 1100mV 85C Model Setup 'clk'
Slack : -3.403
TNS   : -3.403

Type  : Slow 1100mV 85C Model Setup 'VGA_CLK2'
Slack : -3.016
TNS   : -58.916

Type  : Slow 1100mV 85C Model Hold 'VGA_CLK2'
Slack : 0.670
TNS   : 0.000

Type  : Slow 1100mV 85C Model Hold 'clk'
Slack : 1.120
TNS   : 0.000

Type  : Slow 1100mV 85C Model Minimum Pulse Width 'clk'
Slack : -0.812
TNS   : -1.381

Type  : Slow 1100mV 85C Model Minimum Pulse Width 'VGA_CLK2'
Slack : -0.394
TNS   : -10.942

Type  : Slow 1100mV 0C Model Setup 'clk'
Slack : -3.312
TNS   : -3.312

Type  : Slow 1100mV 0C Model Setup 'VGA_CLK2'
Slack : -3.036
TNS   : -59.636

Type  : Slow 1100mV 0C Model Hold 'VGA_CLK2'
Slack : 0.660
TNS   : 0.000

Type  : Slow 1100mV 0C Model Hold 'clk'
Slack : 1.086
TNS   : 0.000

Type  : Slow 1100mV 0C Model Minimum Pulse Width 'clk'
Slack : -0.822
TNS   : -1.434

Type  : Slow 1100mV 0C Model Minimum Pulse Width 'VGA_CLK2'
Slack : -0.394
TNS   : -10.868

Type  : Fast 1100mV 85C Model Setup 'clk'
Slack : -2.815
TNS   : -2.815

Type  : Fast 1100mV 85C Model Setup 'VGA_CLK2'
Slack : -1.322
TNS   : -26.004

Type  : Fast 1100mV 85C Model Hold 'VGA_CLK2'
Slack : 0.349
TNS   : 0.000

Type  : Fast 1100mV 85C Model Hold 'clk'
Slack : 1.239
TNS   : 0.000

Type  : Fast 1100mV 85C Model Minimum Pulse Width 'clk'
Slack : -0.743
TNS   : -1.135

Type  : Fast 1100mV 85C Model Minimum Pulse Width 'VGA_CLK2'
Slack : 0.046
TNS   : 0.000

Type  : Fast 1100mV 0C Model Setup 'clk'
Slack : -2.419
TNS   : -2.419

Type  : Fast 1100mV 0C Model Setup 'VGA_CLK2'
Slack : -1.210
TNS   : -23.755

Type  : Fast 1100mV 0C Model Hold 'VGA_CLK2'
Slack : 0.315
TNS   : 0.000

Type  : Fast 1100mV 0C Model Hold 'clk'
Slack : 0.988
TNS   : 0.000

Type  : Fast 1100mV 0C Model Minimum Pulse Width 'clk'
Slack : -0.717
TNS   : -1.093

Type  : Fast 1100mV 0C Model Minimum Pulse Width 'VGA_CLK2'
Slack : 0.066
TNS   : 0.000

------------------------------------------------------------
